// Jest Snapshot v1, https://goo.gl/fbAQLP

exports[`Search Results renders the articles 1`] = `ShallowWrapper {}`;
